> 1
> 0
> 64
> 5
> 7
> > 10946
> > > > 45
> > Hello, world!
0
> > 42
0
> 4294967295
0
> > > 2007
0
> -1
0
> -2147483648
0
> > deadbeef
0
> > Unknown identifier
> 2147483648
0
> 
